Hello from Vion!
Line 2
